\BOOKMARK [0][-]{chapter*.2}{\376\377\000I\000n\000t\000r\000o\000d\000u\000c\000t\000i\000o\000n}{}% 1
\BOOKMARK [-1][-]{part.1}{\376\377\000I\000\040\000F\000o\000n\000d\000a\000t\000i\000o\000n\000\040\000s\000e\000c\000t\000o\000r\000i\000e\000l\000l\000e}{}% 2
\BOOKMARK [0][-]{chapter.1}{\376\377\000D\000o\000n\000n\000\351\000e\000s\000\040\000s\000y\000n\000t\000h\000\351\000t\000i\000q\000u\000e\000s\000\040\000e\000t\000\040\000p\000r\000o\000c\000e\000s\000s\000u\000s\000\040\000g\000\351\000n\000\351\000r\000a\000t\000e\000u\000r}{part.1}% 3
\BOOKMARK [1][-]{section.1.1}{\376\377\000A\000r\000c\000h\000i\000t\000e\000c\000t\000u\000r\000e\000\040\000g\000\351\000n\000\351\000r\000a\000l\000e}{chapter.1}% 4
\BOOKMARK [1][-]{section.1.2}{\376\377\000U\000n\000i\000v\000e\000r\000s\000\040\000s\000e\000c\000t\000o\000r\000i\000e\000l}{chapter.1}% 5
\BOOKMARK [2][-]{subsection.1.2.1}{\376\377\000S\000e\000n\000s\000i\000b\000i\000l\000i\000t\000\351\000s\000\040\000m\000a\000c\000r\000o\000\351\000c\000o\000n\000o\000m\000i\000q\000u\000e\000s}{section.1.2}% 6
\BOOKMARK [1][-]{section.1.3}{\376\377\000S\000t\000r\000u\000c\000t\000u\000r\000e\000\040\000d\000e\000\040\000d\000\351\000p\000e\000n\000d\000a\000n\000c\000e\000\040\000:\000\040\000c\000o\000p\000u\000l\000e\000\040\000d\000e\000\040\000S\000t\000u\000d\000e\000n\000t}{chapter.1}% 7
\BOOKMARK [2][-]{subsection.1.3.1}{\376\377\000P\000o\000u\000r\000q\000u\000o\000i\000\040\000u\000n\000e\000\040\000c\000o\000p\000u\000l\000e\000\040\000d\000e\000\040\000S\000t\000u\000d\000e\000n\000t\000\040\000?}{section.1.3}% 8
\BOOKMARK [2][-]{subsection.1.3.2}{\376\377\000M\000o\000d\000\350\000l\000e\000\040\000f\000a\000c\000t\000o\000r\000i\000e\000l}{section.1.3}% 9
\BOOKMARK [2][-]{subsection.1.3.3}{\376\377\000\311\000c\000h\000a\000n\000t\000i\000l\000l\000o\000n\000n\000a\000g\000e\000\040\000e\000t\000\040\000r\000\351\000g\000i\000m\000e\000\040\000d\000e\000\040\000s\000t\000r\000e\000s\000s}{section.1.3}% 10
\BOOKMARK [1][-]{section.1.4}{\376\377\000D\000i\000s\000t\000r\000i\000b\000u\000t\000i\000o\000n\000s\000\040\000m\000a\000r\000g\000i\000n\000a\000l\000e\000s}{chapter.1}% 11
\BOOKMARK [2][-]{subsection.1.4.1}{\376\377\000A\000j\000u\000s\000t\000e\000m\000e\000n\000t\000s\000\040\000s\000e\000c\000t\000o\000r\000i\000e\000l\000s}{section.1.4}% 12
\BOOKMARK [1][-]{section.1.5}{\376\377\000P\000r\000o\000c\000e\000s\000s\000u\000s\000\040\000g\000\351\000n\000\351\000r\000a\000t\000e\000u\000r\000\040\000d\000e\000\040\000d\000\351\000f\000a\000u\000t}{chapter.1}% 13
\BOOKMARK [2][-]{subsection.1.5.1}{\376\377\000B\000l\000o\000c\000\040\0001\000\040\000:\000\040\000e\000f\000f\000e\000t\000s\000\040\000m\000o\000n\000o\000t\000o\000n\000e\000s\000\040\000p\000a\000r\000\040\000p\000a\000l\000i\000e\000r\000s\000\040\000\050\0004\0000\000\045\000\040\000d\000u\000\040\000s\000i\000g\000n\000a\000l\000\051}{section.1.5}% 14
\BOOKMARK [2][-]{subsection.1.5.2}{\376\377\000B\000l\000o\000c\000\040\0002\000\040\000:\000\040\000i\000n\000t\000e\000r\000a\000c\000t\000i\000o\000n\000s\000\040\000m\000u\000l\000t\000i\000p\000l\000i\000c\000a\000t\000i\000v\000e\000s\000\040\000\050\0003\0005\000\045\000\040\000d\000u\000\040\000s\000i\000g\000n\000a\000l\000\051}{section.1.5}% 15
\BOOKMARK [2][-]{subsection.1.5.3}{\376\377\000B\000l\000o\000c\000\040\0003\000\040\000:\000\040\000c\000o\000n\000j\000o\000n\000c\000t\000i\000o\000n\000s\000\040\000\050\0002\0005\000\045\000\040\000d\000u\000\040\000s\000i\000g\000n\000a\000l\000\051}{section.1.5}% 16
\BOOKMARK [2][-]{subsection.1.5.4}{\376\377\000C\000a\000l\000i\000b\000r\000a\000t\000i\000o\000n\000\040\000d\000e\000\040\000l\000a\000\040\000P\000D}{section.1.5}% 17
\BOOKMARK [2][-]{subsection.1.5.5}{\376\377\000B\000r\000u\000i\000t\000\040\000h\000\351\000t\000\351\000r\000o\000s\000c\000\351\000d\000a\000s\000t\000i\000q\000u\000e\000\040\000e\000t\000\040\000d\000o\000n\000n\000\351\000e\000s\000\040\000m\000a\000n\000q\000u\000a\000n\000t\000e\000s}{section.1.5}% 18
\BOOKMARK [1][-]{section.1.6}{\376\377\000V\000a\000r\000i\000a\000b\000l\000e\000s\000\040\000d\000'\000i\000n\000t\000e\000r\000a\000c\000t\000i\000o\000n\000\040\000p\000o\000u\000r\000\040\000l\000'\000a\000p\000p\000r\000e\000n\000t\000i\000s\000s\000a\000g\000e}{chapter.1}% 19
\BOOKMARK [1][-]{section.1.7}{\376\377\000D\000o\000n\000n\000\351\000e\000s\000\040\000d\000e\000\040\000p\000r\000i\000v\000a\000t\000e\000\040\000e\000q\000u\000i\000t\000y}{chapter.1}% 20
\BOOKMARK [1][-]{section.1.8}{\376\377\000T\000r\000a\000j\000e\000c\000t\000o\000i\000r\000e\000\040\000m\000a\000c\000r\000o\000\351\000c\000o\000n\000o\000m\000i\000q\000u\000e}{chapter.1}% 21
\BOOKMARK [1][-]{section.1.9}{\376\377\000H\000i\000s\000t\000o\000r\000i\000q\000u\000e\000\040\000m\000e\000n\000s\000u\000e\000l\000\040\000e\000t\000\040\000r\000\351\000s\000e\000a\000u\000\040\000f\000o\000u\000r\000n\000i\000s\000s\000e\000u\000r\000s}{chapter.1}% 22
\BOOKMARK [2][-]{subsection.1.9.1}{\376\377\000R\000\351\000s\000e\000a\000u\000\040\000d\000'\000a\000p\000p\000r\000o\000v\000i\000s\000i\000o\000n\000n\000e\000m\000e\000n\000t}{section.1.9}% 23
\BOOKMARK [1][-]{section.1.10}{\376\377\000D\000\351\000c\000o\000m\000p\000o\000s\000i\000t\000i\000o\000n\000\040\000d\000u\000\040\000s\000i\000g\000n\000a\000l\000\040\000e\000t\000\040\000p\000e\000r\000f\000o\000r\000m\000a\000n\000c\000e\000s\000\040\000a\000t\000t\000e\000n\000d\000u\000e\000s}{chapter.1}% 24
\BOOKMARK [1][-]{section.1.11}{\376\377\000S\000y\000n\000t\000h\000\350\000s\000e}{chapter.1}% 25
\BOOKMARK [0][-]{chapter.2}{\376\377\000M\000o\000d\000\350\000l\000e\000s\000\040\000d\000e\000\040\000p\000r\000o\000b\000a\000b\000i\000l\000i\000t\000\351\000\040\000d\000e\000\040\000d\000\351\000f\000a\000u\000t}{part.1}% 26
\BOOKMARK [1][-]{section.2.1}{\376\377\000P\000o\000u\000r\000q\000u\000o\000i\000\040\000t\000r\000o\000i\000s\000\040\000f\000a\000m\000i\000l\000l\000e\000s\000\040\000d\000e\000\040\000m\000o\000d\000\350\000l\000e\000s}{chapter.2}% 27
\BOOKMARK [1][-]{section.2.2}{\376\377\000P\000r\000\351\000t\000r\000a\000i\000t\000e\000m\000e\000n\000t\000\040\000:\000\040\000d\000u\000\040\000b\000r\000u\000t\000\040\000a\000u\000\040\000s\000i\000g\000n\000a\000l}{chapter.2}% 28
\BOOKMARK [2][-]{subsection.2.2.1}{\376\377\000\311\000c\000r\000\352\000t\000a\000g\000e\000\040\000d\000e\000s\000\040\000v\000a\000l\000e\000u\000r\000s\000\040\000a\000b\000e\000r\000r\000a\000n\000t\000e\000s}{section.2.2}% 29
\BOOKMARK [2][-]{subsection.2.2.2}{\376\377\000I\000n\000g\000\351\000n\000i\000e\000r\000i\000e\000\040\000d\000e\000\040\000v\000a\000r\000i\000a\000b\000l\000e\000s\000\040\000:\000\040\000l\000e\000s\000\040\000d\000o\000u\000z\000e\000\040\000i\000n\000t\000e\000r\000a\000c\000t\000i\000o\000n\000s}{section.2.2}% 30
\BOOKMARK [1][-]{section.2.3}{\376\377\000W\000e\000i\000g\000h\000t\000\040\000o\000f\000\040\000E\000v\000i\000d\000e\000n\000c\000e\000\040\000:\000\040\000t\000r\000a\000n\000s\000f\000o\000r\000m\000e\000r\000\040\000p\000o\000u\000r\000\040\000i\000n\000t\000e\000r\000p\000r\000\351\000t\000e\000r}{chapter.2}% 31
\BOOKMARK [2][-]{subsection.2.3.1}{\376\377\000P\000r\000i\000n\000c\000i\000p\000e\000\040\000e\000t\000\040\000f\000o\000r\000m\000u\000l\000e}{section.2.3}% 32
\BOOKMARK [2][-]{subsection.2.3.2}{\376\377\000I\000n\000f\000o\000r\000m\000a\000t\000i\000o\000n\000\040\000V\000a\000l\000u\000e\000\040\000:\000\040\000s\000\351\000l\000e\000c\000t\000i\000o\000n\000n\000e\000r\000\040\000l\000e\000s\000\040\000v\000a\000r\000i\000a\000b\000l\000e\000s}{section.2.3}% 33
\BOOKMARK [2][-]{subsection.2.3.3}{\376\377\000P\000i\000p\000e\000l\000i\000n\000e\000\040\000d\000e\000\040\000d\000i\000s\000c\000r\000\351\000t\000i\000s\000a\000t\000i\000o\000n\000\040\000e\000n\000\040\000s\000i\000x\000\040\000\351\000t\000a\000p\000e\000s}{section.2.3}% 34
\BOOKMARK [1][-]{section.2.4}{\376\377\000R\000\351\000g\000r\000e\000s\000s\000i\000o\000n\000\040\000l\000o\000g\000i\000s\000t\000i\000q\000u\000e\000\040\000:\000\040\000l\000e\000\040\000s\000o\000c\000l\000e\000\040\000r\000\351\000g\000l\000e\000m\000e\000n\000t\000a\000i\000r\000e}{chapter.2}% 35
\BOOKMARK [2][-]{subsection.2.4.1}{\376\377\000A\000r\000c\000h\000i\000t\000e\000c\000t\000u\000r\000e\000\040\000e\000t\000\040\000c\000o\000n\000t\000r\000a\000i\000n\000t\000e\000s}{section.2.4}% 36
\BOOKMARK [2][-]{subsection.2.4.2}{\376\377\000F\000i\000l\000t\000r\000a\000g\000e\000\040\000V\000I\000F\000\040\000:\000\040\000\351\000l\000i\000m\000i\000n\000e\000r\000\040\000l\000a\000\040\000m\000u\000l\000t\000i\000c\000o\000l\000i\000n\000\351\000a\000r\000i\000t\000\351}{section.2.4}% 37
\BOOKMARK [2][-]{subsection.2.4.3}{\376\377\000C\000o\000n\000t\000r\000a\000i\000n\000t\000e\000\040\000d\000e\000\040\000s\000i\000g\000n\000e\000\040\000:\000\040\000c\000o\000h\000\351\000r\000e\000n\000c\000e\000\040\000\351\000c\000o\000n\000o\000m\000i\000q\000u\000e}{section.2.4}% 38
\BOOKMARK [2][-]{subsection.2.4.4}{\376\377\000C\000o\000r\000r\000e\000c\000t\000i\000o\000n\000\040\000d\000u\000\040\000p\000r\000i\000o\000r\000\040\000\050\000K\000i\000n\000g\000\040\000e\000t\000\040\000Z\000e\000n\000g\000\051}{section.2.4}% 39
\BOOKMARK [2][-]{subsection.2.4.5}{\376\377\000S\000c\000o\000r\000e\000c\000a\000r\000d\000\040\000:\000\040\000d\000u\000\040\000m\000o\000d\000\350\000l\000e\000\040\000a\000u\000x\000\040\000p\000o\000i\000n\000t\000s}{section.2.4}% 40
\BOOKMARK [1][-]{section.2.5}{\376\377\000T\000a\000b\000N\000e\000t\000\040\000:\000\040\000l\000'\000a\000t\000t\000e\000n\000t\000i\000o\000n\000\040\000a\000u\000\040\000s\000e\000r\000v\000i\000c\000e\000\040\000d\000u\000\040\000c\000r\000\351\000d\000i\000t}{chapter.2}% 41
\BOOKMARK [2][-]{subsection.2.5.1}{\376\377\000P\000o\000u\000r\000q\000u\000o\000i\000\040\000u\000n\000\040\000r\000\351\000s\000e\000a\000u\000\040\000p\000r\000o\000f\000o\000n\000d\000\040\000s\000u\000r\000\040\000d\000o\000n\000n\000\351\000e\000s\000\040\000t\000a\000b\000u\000l\000a\000i\000r\000e\000s}{section.2.5}% 42
\BOOKMARK [2][-]{subsection.2.5.2}{\376\377\000A\000r\000c\000h\000i\000t\000e\000c\000t\000u\000r\000e\000\040\000e\000t\000\040\000h\000y\000p\000e\000r\000p\000a\000r\000a\000m\000\350\000t\000r\000e\000s}{section.2.5}% 43
\BOOKMARK [2][-]{subsection.2.5.3}{\376\377\000D\000\351\000t\000e\000c\000t\000i\000o\000n\000\040\000G\000P\000U}{section.2.5}% 44
\BOOKMARK [1][-]{section.2.6}{\376\377\000X\000G\000B\000o\000o\000s\000t\000\040\000:\000\040\000l\000a\000\040\000f\000r\000o\000n\000t\000i\000\350\000r\000e\000\040\000d\000e\000\040\000p\000e\000r\000f\000o\000r\000m\000a\000n\000c\000e}{chapter.2}% 45
\BOOKMARK [2][-]{subsection.2.6.1}{\376\377\000P\000a\000r\000a\000m\000\351\000t\000r\000a\000g\000e}{section.2.6}% 46
\BOOKMARK [1][-]{section.2.7}{\376\377\000C\000a\000l\000i\000b\000r\000a\000t\000i\000o\000n\000\040\000:\000\040\000d\000e\000s\000\040\000s\000c\000o\000r\000e\000s\000\040\000a\000u\000x\000\040\000p\000r\000o\000b\000a\000b\000i\000l\000i\000t\000\351\000s}{chapter.2}% 47
\BOOKMARK [2][-]{subsection.2.7.1}{\376\377\000P\000o\000u\000r\000q\000u\000o\000i\000\040\000c\000a\000l\000i\000b\000r\000e\000r}{section.2.7}% 48
\BOOKMARK [2][-]{subsection.2.7.2}{\376\377\000R\000\351\000g\000r\000e\000s\000s\000i\000o\000n\000\040\000i\000s\000o\000t\000o\000n\000i\000q\000u\000e}{section.2.7}% 49
\BOOKMARK [1][-]{section.2.8}{\376\377\000M\000\351\000t\000r\000i\000q\000u\000e\000s\000\040\000d\000'\000\351\000v\000a\000l\000u\000a\000t\000i\000o\000n}{chapter.2}% 50
\BOOKMARK [2][-]{subsection.2.8.1}{\376\377\000D\000i\000s\000c\000r\000i\000m\000i\000n\000a\000t\000i\000o\000n\000\040\000:\000\040\000A\000U\000C\000\040\000e\000t\000\040\000G\000i\000n\000i}{section.2.8}% 51
\BOOKMARK [2][-]{subsection.2.8.2}{\376\377\000S\000\351\000p\000a\000r\000a\000t\000i\000o\000n\000\040\000:\000\040\000s\000t\000a\000t\000i\000s\000t\000i\000q\000u\000e\000\040\000d\000e\000\040\000K\000o\000l\000m\000o\000g\000o\000r\000o\000v\000-\000S\000m\000i\000r\000n\000o\000v}{section.2.8}% 52
\BOOKMARK [2][-]{subsection.2.8.3}{\376\377\000C\000a\000l\000i\000b\000r\000a\000t\000i\000o\000n\000\040\000:\000\040\000s\000c\000o\000r\000e\000\040\000d\000e\000\040\000B\000r\000i\000e\000r\000\040\000e\000t\000\040\000l\000o\000g\000-\000l\000o\000s\000s}{section.2.8}% 53
\BOOKMARK [2][-]{subsection.2.8.4}{\376\377\000S\000t\000a\000b\000i\000l\000i\000t\000\351\000\040\000:\000\040\000P\000o\000p\000u\000l\000a\000t\000i\000o\000n\000\040\000S\000t\000a\000b\000i\000l\000i\000t\000y\000\040\000I\000n\000d\000e\000x}{section.2.8}% 54
\BOOKMARK [1][-]{section.2.9}{\376\377\000R\000\351\000s\000u\000l\000t\000a\000t\000s\000\040\000c\000o\000m\000p\000a\000r\000\351\000s}{chapter.2}% 55
\BOOKMARK [2][-]{subsection.2.9.1}{\376\377\000P\000o\000r\000t\000e\000f\000e\000u\000i\000l\000l\000e\000\040\000c\000o\000r\000p\000o\000r\000a\000t\000e\000\040\000\050\0001\000,\0005\000M\000\040\000o\000b\000s\000e\000r\000v\000a\000t\000i\000o\000n\000s\000\051}{section.2.9}% 56
\BOOKMARK [2][-]{subsection.2.9.2}{\376\377\000P\000o\000r\000t\000e\000f\000e\000u\000i\000l\000l\000e\000s\000\040\000c\000o\000n\000s\000o\000m\000m\000a\000t\000e\000u\000r\000\040\000e\000t\000\040\000h\000y\000p\000o\000t\000h\000\351\000c\000a\000i\000r\000e}{section.2.9}% 57
\BOOKMARK [2][-]{subsection.2.9.3}{\376\377\000P\000r\000\351\000v\000e\000n\000t\000i\000o\000n\000\040\000d\000e\000s\000\040\000f\000u\000i\000t\000e\000s\000\040\000d\000e\000\040\000d\000o\000n\000n\000\351\000e\000s}{section.2.9}% 58
\BOOKMARK [1][-]{section.2.10}{\376\377\000F\000o\000n\000c\000t\000i\000o\000n\000s\000\040\000d\000e\000\040\000t\000r\000a\000n\000s\000f\000o\000r\000m\000a\000t\000i\000o\000n\000\040\000:\000\040\000l\000o\000g\000i\000t\000\040\000e\000t\000\040\000e\000x\000p\000i\000t}{chapter.2}% 59
\BOOKMARK [1][-]{section.2.11}{\376\377\000S\000y\000n\000t\000h\000\350\000s\000e\000\040\000e\000t\000\040\000c\000h\000o\000i\000x\000\040\000d\000u\000\040\000m\000o\000d\000\350\000l\000e\000\040\000a\000c\000t\000i\000f}{chapter.2}% 60
\BOOKMARK [0][-]{chapter.3}{\376\377\000M\000o\000t\000e\000u\000r\000\040\000d\000e\000\040\000p\000e\000r\000t\000e\000s\000\040\000a\000t\000t\000e\000n\000d\000u\000e\000s\000\040\000\050\000E\000C\000L\000\051\000\040\000s\000o\000u\000s\000\040\000I\000F\000R\000S\000\040\0009}{part.1}% 61
\BOOKMARK [1][-]{section.3.1}{\376\377\000L\000e\000\040\000s\000t\000a\000g\000i\000n\000g\000\040\000I\000F\000R\000S\000\040\0009\000\040\000:\000\040\000c\000l\000a\000s\000s\000i\000f\000i\000e\000r\000\040\000p\000o\000u\000r\000\040\000p\000r\000o\000v\000i\000s\000i\000o\000n\000n\000e\000r}{chapter.3}% 62
\BOOKMARK [2][-]{subsection.3.1.1}{\376\377\000T\000r\000o\000i\000s\000\040\000s\000t\000a\000g\000e\000s\000,\000\040\000t\000r\000o\000i\000s\000\040\000h\000o\000r\000i\000z\000o\000n\000s}{section.3.1}% 63
\BOOKMARK [2][-]{subsection.3.1.2}{\376\377\000L\000e\000\040\000s\000c\000o\000r\000e\000\040\000S\000I\000C\000R\000\040\000:\000\040\000q\000u\000a\000t\000r\000e\000\040\000c\000o\000m\000p\000o\000s\000a\000n\000t\000e\000s}{section.3.1}% 64
\BOOKMARK [2][-]{subsection.3.1.3}{\376\377\000L\000e\000\040\000Z\000-\000s\000c\000o\000r\000e\000\040\000m\000a\000c\000r\000o\000\351\000c\000o\000n\000o\000m\000i\000q\000u\000e}{section.3.1}% 65
\BOOKMARK [2][-]{subsection.3.1.4}{\376\377\000E\000x\000e\000m\000p\000t\000i\000o\000n\000\040\000s\000o\000u\000v\000e\000r\000a\000i\000n\000e\000\040\000\050\000I\000F\000R\000S\000\040\0009\000\040\000B\0005\000.\0005\000.\0002\0005\000\051}{section.3.1}% 66
\BOOKMARK [1][-]{section.3.2}{\376\377\000L\000a\000\040\000p\000e\000r\000t\000e\000\040\000e\000n\000\040\000c\000a\000s\000\040\000d\000e\000\040\000d\000\351\000f\000a\000u\000t\000\040\000\050\000L\000G\000D\000\051}{chapter.3}% 67
\BOOKMARK [2][-]{subsection.3.2.1}{\376\377\000L\000G\000D\000\040\000d\000e\000\040\000b\000a\000s\000e\000\040\000:\000\040\000t\000r\000o\000i\000s\000\040\000a\000j\000u\000s\000t\000e\000m\000e\000n\000t\000s}{section.3.2}% 68
\BOOKMARK [2][-]{subsection.3.2.2}{\376\377\000D\000i\000s\000p\000e\000r\000s\000i\000o\000n\000\040\000p\000a\000r\000\040\000d\000i\000s\000t\000r\000i\000b\000u\000t\000i\000o\000n\000\040\000B\000\352\000t\000a}{section.3.2}% 69
\BOOKMARK [2][-]{subsection.3.2.3}{\376\377\000L\000G\000D\000\040\000d\000o\000w\000n\000t\000u\000r\000n\000\040\000:\000\040\000l\000e\000\040\000c\000y\000c\000l\000e\000\040\000a\000m\000p\000l\000i\000f\000i\000e\000\040\000l\000a\000\040\000p\000e\000r\000t\000e}{section.3.2}% 70
\BOOKMARK [2][-]{subsection.3.2.4}{\376\377\000C\000a\000n\000a\000l\000\040\000H\000P\000I\000\040\000:\000\040\000l\000e\000\040\000c\000o\000l\000l\000a\000t\000\351\000r\000a\000l\000\040\000i\000m\000m\000o\000b\000i\000l\000i\000e\000r}{section.3.2}% 71
\BOOKMARK [1][-]{section.3.3}{\376\377\000L\000'\000e\000x\000p\000o\000s\000i\000t\000i\000o\000n\000\040\000a\000u\000\040\000d\000\351\000f\000a\000u\000t\000\040\000\050\000E\000A\000D\000\051}{chapter.3}% 72
\BOOKMARK [2][-]{subsection.3.3.1}{\376\377\000F\000o\000r\000m\000u\000l\000e}{section.3.3}% 73
\BOOKMARK [2][-]{subsection.3.3.2}{\376\377\000S\000t\000r\000e\000s\000s\000\040\000d\000e\000\040\000l\000'\000E\000A\000D}{section.3.3}% 74
\BOOKMARK [1][-]{section.3.4}{\376\377\000L\000e\000\040\000s\000t\000r\000e\000s\000s\000\040\000d\000e\000\040\000l\000a\000\040\000P\000D\000\040\000:\000\040\000d\000u\000\040\000m\000a\000c\000r\000o\000\040\000a\000u\000\040\000m\000i\000c\000r\000o}{chapter.3}% 75
\BOOKMARK [2][-]{subsection.3.4.1}{\376\377\000T\000r\000a\000n\000s\000f\000o\000r\000m\000a\000t\000i\000o\000n\000\040\000l\000o\000g\000i\000t\000\040\000:\000\040\000g\000a\000r\000a\000n\000t\000i\000r\000\040\000l\000e\000s\000\040\000b\000o\000r\000n\000e\000s}{section.3.4}% 76
\BOOKMARK [2][-]{subsection.3.4.2}{\376\377\000C\000a\000l\000i\000b\000r\000a\000t\000i\000o\000n\000\040\000d\000e\000\040\000l\000'\000a\000m\000p\000l\000i\000t\000u\000d\000e}{section.3.4}% 77
\BOOKMARK [2][-]{subsection.3.4.3}{\376\377\000S\000e\000n\000s\000i\000b\000i\000l\000i\000t\000\351\000s\000\040\000s\000e\000c\000t\000o\000r\000i\000e\000l\000l\000e\000s}{section.3.4}% 78
\BOOKMARK [2][-]{subsection.3.4.4}{\376\377\000M\000o\000d\000\350\000l\000e\000\040\000d\000e\000\040\000V\000a\000s\000i\000c\000e\000k\000\040\000c\000o\000n\000d\000i\000t\000i\000o\000n\000n\000e\000l\000\040\000\050\000A\000S\000R\000F\000\051}{section.3.4}% 79
\BOOKMARK [1][-]{section.3.5}{\376\377\000C\000a\000l\000c\000u\000l\000\040\000d\000e\000\040\000l\000'\000E\000C\000L\000\040\000:\000\040\000a\000s\000s\000e\000m\000b\000l\000e\000r\000\040\000l\000e\000s\000\040\000c\000o\000m\000p\000o\000s\000a\000n\000t\000e\000s}{chapter.3}% 80
\BOOKMARK [2][-]{subsection.3.5.1}{\376\377\000F\000o\000r\000m\000u\000l\000e\000\040\000g\000\351\000n\000\351\000r\000a\000l\000e}{section.3.5}% 81
\BOOKMARK [2][-]{subsection.3.5.2}{\376\377\000P\000D\000\040\000l\000i\000f\000e\000t\000i\000m\000e\000\040\000:\000\040\000l\000a\000\040\000m\000\351\000t\000h\000o\000d\000e\000\040\000d\000u\000\040\000t\000a\000u\000x\000\040\000d\000e\000\040\000h\000a\000s\000a\000r\000d}{section.3.5}% 82
\BOOKMARK [2][-]{subsection.3.5.3}{\376\377\000F\000a\000c\000t\000e\000u\000r\000\040\000d\000'\000a\000c\000t\000u\000a\000l\000i\000s\000a\000t\000i\000o\000n}{section.3.5}% 83
\BOOKMARK [1][-]{section.3.6}{\376\377\000P\000o\000n\000d\000\351\000r\000a\000t\000i\000o\000n\000\040\000m\000u\000l\000t\000i\000-\000s\000c\000\351\000n\000a\000r\000i\000o\000s}{chapter.3}% 84
\BOOKMARK [1][-]{section.3.7}{\376\377\000L\000e\000\040\000s\000p\000r\000e\000a\000d\000\040\000d\000e\000\040\000c\000r\000\351\000d\000i\000t\000\040\000:\000\040\000l\000i\000e\000n\000\040\000a\000v\000e\000c\000\040\000l\000e\000\040\000m\000a\000r\000c\000h\000\351}{chapter.3}% 85
\BOOKMARK [1][-]{section.3.8}{\376\377\000A\000g\000r\000\351\000g\000a\000t\000i\000o\000n\000\040\000e\000t\000\040\000m\000\351\000t\000r\000i\000q\000u\000e\000s\000\040\000d\000e\000\040\000p\000o\000r\000t\000e\000f\000e\000u\000i\000l\000l\000e}{chapter.3}% 86
\BOOKMARK [2][-]{subsection.3.8.1}{\376\377\000E\000C\000L\000\040\000p\000a\000r\000\040\000s\000t\000a\000g\000e\000\040\000e\000t\000\040\000p\000a\000r\000\040\000s\000e\000c\000t\000e\000u\000r}{section.3.8}% 87
\BOOKMARK [2][-]{subsection.3.8.2}{\376\377\000M\000a\000t\000r\000i\000c\000e\000\040\000d\000e\000\040\000t\000r\000a\000n\000s\000i\000t\000i\000o\000n}{section.3.8}% 88
\BOOKMARK [2][-]{subsection.3.8.3}{\376\377\000C\000o\000\373\000t\000\040\000d\000u\000\040\000r\000i\000s\000q\000u\000e\000\040\000a\000n\000n\000u\000a\000l\000i\000s\000\351}{section.3.8}% 89
\BOOKMARK [2][-]{subsection.3.8.4}{\376\377\000R\000a\000t\000i\000o\000\040\000T\000e\000x\000a\000s\000\040\000s\000y\000n\000t\000h\000\351\000t\000i\000q\000u\000e}{section.3.8}% 90
\BOOKMARK [1][-]{section.3.9}{\376\377\000S\000y\000n\000t\000h\000\350\000s\000e\000\040\000d\000u\000\040\000m\000o\000t\000e\000u\000r\000\040\000E\000C\000L}{chapter.3}% 91
\BOOKMARK [0][-]{chapter.4}{\376\377\000M\000\351\000t\000r\000i\000q\000u\000e\000s\000\040\000d\000e\000\040\000p\000o\000r\000t\000e\000f\000e\000u\000i\000l\000l\000e\000\040\000:\000\040\000d\000u\000\040\000r\000i\000s\000q\000u\000e\000\040\000\340\000\040\000l\000a\000\040\000r\000e\000n\000t\000a\000b\000i\000l\000i\000t\000\351}{part.1}% 92
\BOOKMARK [1][-]{section.4.1}{\376\377\000R\000e\000v\000e\000n\000u\000\040\000n\000e\000t\000\040\000d\000'\000i\000n\000t\000\351\000r\000\352\000t\000s\000\040\000\050\000N\000I\000I\000\051}{chapter.4}% 93
\BOOKMARK [2][-]{subsection.4.1.1}{\376\377\000F\000o\000r\000m\000u\000l\000e\000\040\000d\000e\000\040\000b\000a\000s\000e}{section.4.1}% 94
\BOOKMARK [2][-]{subsection.4.1.2}{\376\377\000I\000m\000p\000a\000c\000t\000\040\000d\000e\000s\000\040\000t\000a\000u\000x\000\040\000d\000'\000i\000n\000t\000\351\000r\000\352\000t\000\040\000:\000\040\000l\000e\000\040\000c\000a\000n\000a\000l\000\040\000A\000L\000M}{section.4.1}% 95
\BOOKMARK [2][-]{subsection.4.1.3}{\376\377\000A\000j\000u\000s\000t\000e\000m\000e\000n\000t\000\040\000d\000u\000\040\000C\000I\000R\000\040\000\340\000\040\000l\000'\000i\000n\000f\000l\000a\000t\000i\000o\000n}{section.4.1}% 96
\BOOKMARK [1][-]{section.4.2}{\376\377\000R\000A\000R\000O\000C\000\040\000:\000\040\000l\000e\000\040\000r\000e\000n\000d\000e\000m\000e\000n\000t\000\040\000a\000j\000u\000s\000t\000\351\000\040\000d\000u\000\040\000r\000i\000s\000q\000u\000e}{chapter.4}% 97
\BOOKMARK [2][-]{subsection.4.2.1}{\376\377\000F\000o\000r\000m\000u\000l\000e}{section.4.2}% 98
\BOOKMARK [2][-]{subsection.4.2.2}{\376\377\000R\000A\000R\000O\000C\000\040\000d\000u\000\040\000p\000r\000i\000v\000a\000t\000e\000\040\000e\000q\000u\000i\000t\000y}{section.4.2}% 99
\BOOKMARK [1][-]{section.4.3}{\376\377\000P\000o\000n\000d\000\351\000r\000a\000t\000i\000o\000n\000s\000\040\000e\000n\000\040\000r\000i\000s\000q\000u\000e\000\040\000\050\000R\000W\000A\000\051}{chapter.4}% 100
\BOOKMARK [2][-]{subsection.4.3.1}{\376\377\000B\000u\000d\000g\000e\000t\000\040\000R\000W\000A\000\040\000e\000t\000\040\000c\000a\000p\000i\000t\000a\000l}{section.4.3}% 101
\BOOKMARK [2][-]{subsection.4.3.2}{\376\377\000P\000o\000n\000d\000\351\000r\000a\000t\000i\000o\000n\000s\000\040\000C\000R\000R\0003\000\040\000p\000a\000r\000\040\000c\000l\000a\000s\000s\000e}{section.4.3}% 102
\BOOKMARK [2][-]{subsection.4.3.3}{\376\377\000D\000i\000s\000p\000a\000t\000c\000h\000\040\000d\000y\000n\000a\000m\000i\000q\000u\000e\000\040\000d\000e\000s\000\040\000p\000o\000n\000d\000\351\000r\000a\000t\000i\000o\000n\000s}{section.4.3}% 103
\BOOKMARK [1][-]{section.4.4}{\376\377\000E\000V\000A\000\040\000:\000\040\000l\000a\000\040\000v\000a\000l\000e\000u\000r\000\040\000\351\000c\000o\000n\000o\000m\000i\000q\000u\000e\000\040\000a\000j\000o\000u\000t\000\351\000e}{chapter.4}% 104
\BOOKMARK [1][-]{section.4.5}{\376\377\000C\000o\000n\000c\000e\000n\000t\000r\000a\000t\000i\000o\000n\000\040\000:\000\040\000l\000'\000i\000n\000d\000i\000c\000e\000\040\000H\000H\000I}{chapter.4}% 105
\BOOKMARK [2][-]{subsection.4.5.1}{\376\377\000H\000H\000I\000\040\000i\000n\000t\000e\000r\000-\000c\000e\000l\000l\000u\000l\000e\000s}{section.4.5}% 106
\BOOKMARK [2][-]{subsection.4.5.2}{\376\377\000H\000H\000I\000\040\000d\000e\000\040\000c\000o\000n\000c\000e\000n\000t\000r\000a\000t\000i\000o\000n\000\040\000d\000e\000\040\000n\000o\000m\000s}{section.4.5}% 107
\BOOKMARK [2][-]{subsection.4.5.3}{\376\377\000P\000o\000u\000r\000q\000u\000o\000i\000\040\000l\000e\000\040\000H\000H\000I\000\040\000p\000l\000u\000t\000\364\000t\000\040\000q\000u\000'\000u\000n\000e\000\040\000a\000u\000t\000r\000e\000\040\000m\000e\000s\000u\000r\000e}{section.4.5}% 108
\BOOKMARK [1][-]{section.4.6}{\376\377\000C\000E\000T\0001\000\040\000e\000t\000\040\000c\000o\000n\000t\000r\000a\000i\000n\000t\000e\000\040\000d\000e\000\040\000c\000a\000p\000i\000t\000a\000l}{chapter.4}% 109
\BOOKMARK [2][-]{subsection.4.6.1}{\376\377\000L\000a\000\040\000c\000o\000n\000t\000r\000a\000i\000n\000t\000e\000\040\000q\000u\000i\000\040\000l\000i\000e}{section.4.6}% 110
\BOOKMARK [2][-]{subsection.4.6.2}{\376\377\000I\000n\000t\000e\000r\000a\000c\000t\000i\000o\000n\000\040\000P\000E\040\023\000C\000E\000T\0001}{section.4.6}% 111
\BOOKMARK [1][-]{section.4.7}{\376\377\000S\000y\000n\000t\000h\000\350\000s\000e\000\040\000:\000\040\000l\000e\000\040\000t\000a\000b\000l\000e\000a\000u\000\040\000d\000e\000\040\000b\000o\000r\000d\000\040\000d\000u\000\040\000C\000R\000O}{chapter.4}% 112
\BOOKMARK [0][-]{chapter.5}{\376\377\000P\000r\000i\000v\000a\000t\000e\000\040\000e\000q\000u\000i\000t\000y\000\040\000s\000o\000u\000s\000\040\000c\000o\000n\000t\000r\000a\000i\000n\000t\000e\000s\000\040\000r\000\351\000g\000l\000e\000m\000e\000n\000t\000a\000i\000r\000e\000s}{part.1}% 113
\BOOKMARK [1][-]{section.5.1}{\376\377\000V\000a\000l\000o\000r\000i\000s\000a\000t\000i\000o\000n\000\040\000:\000\040\000t\000r\000o\000i\000s\000\040\000c\000a\000n\000a\000u\000x\000\040\000d\000e\000\040\000s\000t\000r\000e\000s\000s}{chapter.5}% 114
\BOOKMARK [2][-]{subsection.5.1.1}{\376\377\000A\000r\000c\000h\000i\000t\000e\000c\000t\000u\000r\000e\000\040\000d\000u\000\040\000m\000o\000d\000\350\000l\000e}{section.5.1}% 115
\BOOKMARK [2][-]{subsection.5.1.2}{\376\377\000D\000e\000u\000x\000\040\000c\000o\000r\000r\000e\000c\000t\000i\000o\000n\000s\000\040\000a\000s\000y\000m\000\351\000t\000r\000i\000q\000u\000e\000s}{section.5.1}% 116
\BOOKMARK [2][-]{subsection.5.1.3}{\376\377\000I\000R\000R\000\040\000:\000\040\000d\000u\000\040\000M\000O\000I\000C\000\040\000a\000u\000\040\000r\000e\000n\000d\000e\000m\000e\000n\000t\000\040\000a\000n\000n\000u\000a\000l\000i\000s\000\351}{section.5.1}% 117
\BOOKMARK [1][-]{section.5.2}{\376\377\000P\000r\000o\000b\000a\000b\000i\000l\000i\000t\000\351\000\040\000d\000e\000\040\000d\000\351\000t\000r\000e\000s\000s\000e\000\040\000:\000\040\000l\000e\000\040\000s\000i\000g\000n\000a\000l\000\040\000P\000E}{chapter.5}% 118
\BOOKMARK [2][-]{subsection.5.2.1}{\376\377\000M\000o\000d\000\350\000l\000e\000\040\000l\000o\000g\000i\000t}{section.5.2}% 119
\BOOKMARK [2][-]{subsection.5.2.2}{\376\377\000C\000l\000a\000s\000s\000i\000f\000i\000c\000a\000t\000i\000o\000n\000\040\000e\000t\000\040\000p\000e\000r\000t\000e\000\040\000a\000t\000t\000e\000n\000d\000u\000e}{section.5.2}% 120
\BOOKMARK [1][-]{section.5.3}{\376\377\000P\000o\000n\000d\000\351\000r\000a\000t\000i\000o\000n\000s\000\040\000C\000R\000R\0003\000\040\000:\000\040\000l\000e\000\040\000c\000o\000\373\000t\000\040\000d\000u\000\040\000c\000a\000p\000i\000t\000a\000l\000\040\000P\000E}{chapter.5}% 121
\BOOKMARK [2][-]{subsection.5.3.1}{\376\377\000S\000c\000o\000r\000e\000\040\000c\000o\000m\000p\000o\000s\000i\000t\000e}{section.5.3}% 122
\BOOKMARK [2][-]{subsection.5.3.2}{\376\377\000I\000m\000p\000a\000c\000t\000\040\000s\000u\000r\000\040\000l\000'\000a\000l\000l\000o\000c\000a\000t\000i\000o\000n}{section.5.3}% 123
\BOOKMARK [1][-]{section.5.4}{\376\377\000I\000l\000l\000i\000q\000u\000i\000d\000i\000t\000\351\000\040\000:\000\040\000l\000e\000\040\000D\000L\000O\000M}{chapter.5}% 124
\BOOKMARK [2][-]{subsection.5.4.1}{\376\377\000D\000\351\000c\000o\000t\000e\000\040\000p\000o\000u\000r\000\040\000a\000b\000s\000e\000n\000c\000e\000\040\000d\000e\000\040\000m\000a\000r\000c\000h\000\351}{section.5.4}% 125
\BOOKMARK [1][-]{section.5.5}{\376\377\000L\000'\000a\000r\000b\000i\000t\000r\000a\000g\000e\000\040\000c\000r\000\351\000d\000i\000t\040\023\000P\000E\000\040\000:\000\040\000u\000n\000\040\000l\000e\000v\000i\000e\000r\000\040\000\351\000t\000r\000o\000i\000t}{chapter.5}% 126
\BOOKMARK [2][-]{subsection.5.5.1}{\376\377\000T\000r\000o\000i\000s\000\040\000c\000o\000n\000t\000r\000a\000i\000n\000t\000e\000s\000\040\000q\000u\000i\000\040\000s\000e\000\040\000r\000e\000n\000f\000o\000r\000c\000e\000n\000t}{section.5.5}% 127
\BOOKMARK [2][-]{subsection.5.5.2}{\376\377\000L\000e\000\040\000v\000r\000a\000i\000\040\000l\000e\000v\000i\000e\000r\000\040\000:\000\040\000l\000'\000a\000l\000l\000o\000c\000a\000t\000i\000o\000n\000\040\000s\000e\000c\000t\000o\000r\000i\000e\000l\000l\000e}{section.5.5}% 128
\BOOKMARK [1][-]{section.5.6}{\376\377\000S\000e\000n\000s\000i\000b\000i\000l\000i\000t\000\351\000s\000\040\000s\000e\000c\000t\000o\000r\000i\000e\000l\000l\000e\000s\000\040\000P\000E}{chapter.5}% 129
\BOOKMARK [1][-]{section.5.7}{\376\377\000S\000y\000n\000t\000h\000\350\000s\000e}{chapter.5}% 130
\BOOKMARK [0][-]{chapter.6}{\376\377\000A\000n\000a\000l\000y\000s\000t\000e\000\040\000C\000R\000O\000\040\000e\000t\000\040\000m\000o\000t\000e\000u\000r\000s\000\040\000d\000e\000\040\000g\000o\000u\000v\000e\000r\000n\000a\000n\000c\000e}{part.1}% 131
\BOOKMARK [1][-]{section.6.1}{\376\377\000L\000'\000a\000n\000a\000l\000y\000s\000t\000e\000\040\000C\000R\000O\000\040\000l\000o\000c\000a\000l}{chapter.6}% 132
\BOOKMARK [2][-]{subsection.6.1.1}{\376\377\000A\000r\000c\000h\000i\000t\000e\000c\000t\000u\000r\000e}{section.6.1}% 133
\BOOKMARK [2][-]{subsection.6.1.2}{\376\377\000H\000u\000i\000t\000\040\000s\000e\000c\000t\000i\000o\000n\000s\000\040\000d\000u\000\040\000r\000a\000p\000p\000o\000r\000t}{section.6.1}% 134
\BOOKMARK [2][-]{subsection.6.1.3}{\376\377\000M\000o\000d\000\350\000l\000e\000\040\000d\000'\000\351\000l\000a\000s\000t\000i\000c\000i\000t\000\351}{section.6.1}% 135
\BOOKMARK [1][-]{section.6.2}{\376\377\000P\000r\000\351\000d\000i\000c\000t\000i\000o\000n\000\040\000c\000o\000n\000f\000o\000r\000m\000e\000\040\000:\000\040\000i\000n\000t\000e\000r\000v\000a\000l\000l\000e\000s\000\040\000s\000a\000n\000s\000\040\000h\000y\000p\000o\000t\000h\000\350\000s\000e}{chapter.6}% 136
\BOOKMARK [1][-]{section.6.3}{\376\377\000A\000n\000a\000l\000y\000s\000e\000\040\000d\000e\000\040\000s\000e\000n\000s\000i\000b\000i\000l\000i\000t\000\351\000\040\000d\000e\000\040\000S\000o\000b\000o\000l}{chapter.6}% 137
\BOOKMARK [1][-]{section.6.4}{\376\377\000D\000\351\000t\000e\000c\000t\000i\000o\000n\000\040\000d\000e\000\040\000r\000\351\000g\000i\000m\000e\000\040\000\050\000H\000M\000M\000\051}{chapter.6}% 138
\BOOKMARK [1][-]{section.6.5}{\376\377\000G\000F\000l\000o\000w\000N\000e\000t\000\040\000:\000\040\000e\000x\000p\000l\000o\000r\000a\000t\000i\000o\000n\000\040\000d\000e\000\040\000s\000c\000\351\000n\000a\000r\000i\000o\000s}{chapter.6}% 139
\BOOKMARK [2][-]{subsection.6.5.1}{\376\377\000D\000e\000u\000x\000\040\000m\000o\000d\000e\000s}{section.6.5}% 140
\BOOKMARK [2][-]{subsection.6.5.2}{\376\377\000T\000r\000a\000n\000s\000f\000o\000r\000m\000a\000t\000i\000o\000n\000\040\000d\000e\000\040\000C\000h\000o\000l\000e\000s\000k\000y}{section.6.5}% 141
\BOOKMARK [2][-]{subsection.6.5.3}{\376\377\000A\000p\000p\000r\000e\000n\000t\000i\000s\000s\000a\000g\000e\000\040\000p\000a\000r\000\040\000T\000r\000a\000j\000e\000c\000t\000o\000r\000y\000\040\000B\000a\000l\000a\000n\000c\000e}{section.6.5}% 142
\BOOKMARK [1][-]{section.6.6}{\376\377\000M\000o\000t\000e\000u\000r\000s\000\040\000c\000o\000m\000p\000l\000\351\000m\000e\000n\000t\000a\000i\000r\000e\000s}{chapter.6}% 143
\BOOKMARK [2][-]{subsection.6.6.1}{\376\377\000P\000r\000i\000m\000e\000\040\000d\000e\000\040\000r\000i\000s\000q\000u\000e\000\040\000d\000e\000\040\000v\000a\000r\000i\000a\000n\000c\000e\000\040\000\050\000V\000R\000P\000\051}{section.6.6}% 144
\BOOKMARK [2][-]{subsection.6.6.2}{\376\377\000T\000h\000\351\000o\000r\000i\000e\000\040\000d\000e\000s\000\040\000m\000a\000t\000r\000i\000c\000e\000s\000\040\000a\000l\000\351\000a\000t\000o\000i\000r\000e\000s\000\040\000\050\000R\000M\000T\000\051}{section.6.6}% 145
\BOOKMARK [2][-]{subsection.6.6.3}{\376\377\000S\000i\000g\000n\000a\000t\000u\000r\000e\000s\000\040\000d\000e\000\040\000c\000h\000e\000m\000i\000n\000s}{section.6.6}% 146
\BOOKMARK [2][-]{subsection.6.6.4}{\376\377\000A\000n\000a\000l\000y\000s\000e\000\040\000t\000o\000p\000o\000l\000o\000g\000i\000q\000u\000e\000\040\000\050\000T\000D\000A\000\051}{section.6.6}% 147
\BOOKMARK [2][-]{subsection.6.6.5}{\376\377\000P\000o\000r\000t\000e\000s\000\040\000d\000e\000\040\000c\000o\000n\000f\000o\000r\000m\000i\000t\000\351}{section.6.6}% 148
\BOOKMARK [1][-]{section.6.7}{\376\377\000S\000y\000n\000t\000h\000\350\000s\000e\000\040\000:\000\040\000d\000i\000x\000\040\000c\000o\000u\000c\000h\000e\000s\000\040\000d\000e\000\040\000g\000o\000u\000v\000e\000r\000n\000a\000n\000c\000e}{chapter.6}% 149
\BOOKMARK [-1][-]{part.2}{\376\377\000I\000I\000\040\000V\000a\000l\000i\000d\000a\000t\000i\000o\000n\000\040\000m\000u\000l\000t\000i\000-\000a\000c\000t\000i\000f\000s}{}% 150
\BOOKMARK [0][-]{chapter.7}{\376\377\000E\000x\000t\000e\000n\000s\000i\000o\000n\000\040\000m\000u\000l\000t\000i\000-\000a\000c\000t\000i\000f\000s\000\040\000:\000\040\000d\000e\000s\000\040\000s\000e\000c\000t\000e\000u\000r\000s\000\040\000a\000u\000x\000\040\000c\000l\000a\000s\000s\000e\000s\000\040\000d\000'\000a\000c\000t\000i\000f\000s}{part.2}% 151
\BOOKMARK [1][-]{section.7.1}{\376\377\000P\000o\000u\000r\000q\000u\000o\000i\000\040\0001\0004\000\040\000c\000l\000a\000s\000s\000e\000s\000\040\000?}{chapter.7}% 152
\BOOKMARK [2][-]{subsection.7.1.1}{\376\377\000T\000a\000x\000o\000n\000o\000m\000i\000e\000\040\000e\000n\000\040\000t\000r\000o\000i\000s\000\040\000n\000i\000v\000e\000a\000u\000x}{section.7.1}% 153
\BOOKMARK [1][-]{section.7.2}{\376\377\000P\000a\000r\000a\000m\000\351\000t\000r\000i\000s\000a\000t\000i\000o\000n\000\040\000d\000e\000s\000\040\0001\0004\000\040\000c\000l\000a\000s\000s\000e\000s}{chapter.7}% 154
\BOOKMARK [2][-]{subsection.7.2.1}{\376\377\000J\000u\000s\000t\000i\000f\000i\000c\000a\000t\000i\000o\000n\000\040\000d\000e\000s\000\040\000c\000o\000r\000r\000\351\000l\000a\000t\000i\000o\000n\000s\000\040\000d\000'\000a\000c\000t\000i\000f}{section.7.2}% 155
\BOOKMARK [2][-]{subsection.7.2.2}{\376\377\000S\000e\000n\000s\000i\000b\000i\000l\000i\000t\000\351\000s\000\040\000m\000a\000c\000r\000o\000\040\000e\000t\000\040\000c\000o\000n\000v\000e\000n\000t\000i\000o\000n\000\040\000d\000e\000\040\000s\000i\000g\000n\000e}{section.7.2}% 156
\BOOKMARK [1][-]{section.7.3}{\376\377\000G\000\351\000n\000\351\000r\000a\000t\000e\000u\000r\000s\000\040\000d\000e\000\040\000p\000o\000s\000i\000t\000i\000o\000n\000s}{chapter.7}% 157
\BOOKMARK [2][-]{subsection.7.3.1}{\376\377\000C\000r\000\351\000d\000i\000t\000\040\000c\000o\000r\000p\000o\000r\000a\000t\000e\000\040\000:\000\040\000D\000G\000P\000\040\000v\0004\000.\0005}{section.7.3}% 158
\BOOKMARK [2][-]{subsection.7.3.2}{\376\377\000A\000c\000t\000i\000o\000n\000s\000\040\000c\000o\000t\000\351\000e\000s\000\040\000:\000\040\000m\000o\000d\000\350\000l\000e\000\040\000d\000e\000\040\000M\000e\000r\000t\000o\000n}{section.7.3}% 159
\BOOKMARK [2][-]{subsection.7.3.3}{\376\377\000O\000b\000l\000i\000g\000a\000t\000i\000o\000n\000s\000\040\000c\000o\000r\000p\000o\000r\000a\000t\000e\000\040\000:\000\040\000P\000D\000\040\000p\000a\000r\000\040\000r\000a\000t\000i\000n\000g}{section.7.3}% 160
\BOOKMARK [2][-]{subsection.7.3.4}{\376\377\000R\000e\000p\000o\000s\000\040\000e\000t\000\040\000S\000F\000T\000\040\000:\000\040\000c\000a\000l\000i\000b\000r\000a\000t\000i\000o\000n\000\040\000I\000C\000M\000A}{section.7.3}% 161
\BOOKMARK [2][-]{subsection.7.3.5}{\376\377\000D\000\351\000r\000i\000v\000\351\000s\000\040\000:\000\040\000S\000A\000-\000C\000C\000R\000\040\000e\000t\000\040\000C\000V\000A}{section.7.3}% 162
\BOOKMARK [1][-]{section.7.4}{\376\377\000B\000i\000l\000a\000n\000\040\000m\000u\000l\000t\000i\000-\000a\000c\000t\000i\000f\000s\000\040\000e\000t\000\040\000a\000g\000r\000\351\000g\000a\000t\000i\000o\000n\000\040\000E\000C\000L}{chapter.7}% 163
\BOOKMARK [2][-]{subsection.7.4.1}{\376\377\000T\000r\000a\000n\000s\000f\000o\000r\000m\000a\000t\000i\000o\000n\000\040\000m\000a\000c\000r\000o\000\040\000\040\000f\000a\000c\000t\000e\000u\000r\000\040\000s\000y\000s\000t\000\351\000m\000a\000t\000i\000q\000u\000e}{section.7.4}% 164
\BOOKMARK [2][-]{subsection.7.4.2}{\376\377\000P\000D\000\040\000c\000o\000n\000d\000i\000t\000i\000o\000n\000n\000e\000l\000l\000e\000\040\000d\000e\000\040\000V\000a\000s\000i\000c\000e\000k}{section.7.4}% 165
\BOOKMARK [2][-]{subsection.7.4.3}{\376\377\000S\000t\000a\000g\000i\000n\000g\000\040\000e\000t\000\040\000E\000C\000L\000\040\000p\000a\000r\000\040\000c\000l\000a\000s\000s\000e}{section.7.4}% 166
\BOOKMARK [1][-]{section.7.5}{\376\377\000D\000\351\000c\000o\000r\000r\000\351\000l\000a\000t\000i\000o\000n\000\040\000d\000u\000\040\000f\000a\000c\000t\000e\000u\000r\000\040\000s\000y\000s\000t\000\351\000m\000a\000t\000i\000q\000u\000e}{chapter.7}% 167
\BOOKMARK [2][-]{subsection.7.5.1}{\376\377\000C\000o\000r\000r\000e\000c\000t\000i\000o\000n\000\040\000p\000a\000r\000\040\000l\000a\000\040\000m\000a\000t\000r\000i\000c\000e\000\040\000d\000e\000\040\000c\000o\000r\000r\000\351\000l\000a\000t\000i\000o\000n\000\040\000s\000i\000g\000n\000\351\000e}{section.7.5}% 168
\BOOKMARK [2][-]{subsection.7.5.2}{\376\377\000I\000m\000p\000a\000c\000t\000\040\000q\000u\000a\000n\000t\000i\000t\000a\000t\000i\000f}{section.7.5}% 169
\BOOKMARK [1][-]{section.7.6}{\376\377\000C\000a\000p\000a\000c\000i\000t\000\351\000\040\000d\000e\000\040\000m\000a\000r\000c\000h\000\351\000\040\000e\000t\000\040\000i\000m\000p\000a\000c\000t\000\040\000d\000e\000\040\000p\000r\000i\000x}{chapter.7}% 170
\BOOKMARK [1][-]{section.7.7}{\376\377\000R\000\351\000s\000u\000l\000t\000a\000t\000s\000\040\000d\000e\000\040\000l\000a\000\040\000v\000a\000l\000i\000d\000a\000t\000i\000o\000n\000\040\000m\000u\000l\000t\000i\000-\000a\000c\000t\000i\000f\000s}{chapter.7}% 171
\BOOKMARK [2][-]{subsection.7.7.1}{\376\377\000C\000o\000h\000\351\000r\000e\000n\000c\000e\000\040\000R\000A\000R\000O\000C}{section.7.7}% 172
\BOOKMARK [2][-]{subsection.7.7.2}{\376\377\000T\000e\000s\000t\000s\000\040\000d\000e\000\040\000c\000o\000h\000\351\000r\000e\000n\000c\000e\000\040\000\351\000c\000o\000n\000o\000m\000i\000q\000u\000e}{section.7.7}% 173
\BOOKMARK [2][-]{subsection.7.7.3}{\376\377\000C\000o\000n\000f\000i\000r\000m\000a\000t\000i\000o\000n\000\040\000d\000u\000\040\000r\000\351\000s\000u\000l\000t\000a\000t\000\040\000s\000e\000c\000t\000o\000r\000i\000e\000l}{section.7.7}% 174
\BOOKMARK [0][-]{chapter.8}{\376\377\000O\000p\000t\000i\000m\000i\000s\000e\000u\000r\000\040\000B\000L\000-\000C\000V\000a\000R\000\040\000:\000\040\000a\000l\000l\000o\000c\000a\000t\000i\000o\000n\000\040\000m\000u\000l\000t\000i\000-\000c\000o\000n\000t\000r\000a\000i\000n\000t\000e\000s}{part.2}% 175
\BOOKMARK [1][-]{section.8.1}{\376\377\000A\000r\000c\000h\000i\000t\000e\000c\000t\000u\000r\000e\000\040\000e\000n\000\040\000d\000e\000u\000x\000\040\000p\000h\000a\000s\000e\000s}{chapter.8}% 176
\BOOKMARK [1][-]{section.8.2}{\376\377\000P\000h\000a\000s\000e\000\040\0001\000\040\000:\000\040\000B\000L\000-\000C\000V\000a\000R\000\040\000a\000v\000e\000c\000\040\000i\000m\000p\000a\000c\000t\000\040\000d\000e\000\040\000p\000r\000i\000x}{chapter.8}% 177
\BOOKMARK [2][-]{subsection.8.2.1}{\376\377\000O\000b\000j\000e\000c\000t\000i\000f}{section.8.2}% 178
\BOOKMARK [2][-]{subsection.8.2.2}{\376\377\000E\000s\000t\000i\000m\000a\000t\000i\000o\000n\000\040\000M\000o\000n\000t\000e\000\040\000C\000a\000r\000l\000o\000\040\000d\000e\000\040\000l\000a\000\040\000C\000V\000a\000R}{section.8.2}% 179
\BOOKMARK [2][-]{subsection.8.2.3}{\376\377\000S\000c\000o\000r\000e\000\040\000B\000L\000-\000C\000V\000a\000R\000\040\000e\000t\000\040\000s\000o\000f\000t\000m\000a\000x}{section.8.2}% 180
\BOOKMARK [2][-]{subsection.8.2.4}{\376\377\000K\000a\000p\000p\000a\000\040\000p\000r\000o\000-\000c\000y\000c\000l\000i\000q\000u\000e}{section.8.2}% 181
\BOOKMARK [2][-]{subsection.8.2.5}{\376\377\000V\000o\000l\000a\000t\000i\000l\000i\000t\000\351\000\040\000c\000y\000c\000l\000i\000q\000u\000e}{section.8.2}% 182
\BOOKMARK [2][-]{subsection.8.2.6}{\376\377\000C\000o\000n\000v\000e\000r\000g\000e\000n\000c\000e\000\040\000p\000a\000r\000\040\000a\000c\000c\000\351\000l\000\351\000r\000a\000t\000i\000o\000n\000\040\000d\000'\000A\000n\000d\000e\000r\000s\000o\000n}{section.8.2}% 183
\BOOKMARK [1][-]{section.8.3}{\376\377\000P\000h\000a\000s\000e\000\040\0002\000\040\000:\000\040\000c\000o\000n\000t\000r\000a\000i\000n\000t\000e\000s\000\040\000r\000\351\000g\000l\000e\000m\000e\000n\000t\000a\000i\000r\000e\000s}{chapter.8}% 184
\BOOKMARK [2][-]{subsection.8.3.1}{\376\377\000C\000E\000T\0001\000\040\000:\000\040\000p\000r\000o\000j\000e\000c\000t\000i\000o\000n\000\040\000p\000a\000r\000\040\000g\000r\000a\000d\000i\000e\000n\000t\000\040\000R\000W}{section.8.3}% 185
\BOOKMARK [2][-]{subsection.8.3.2}{\376\377\000L\000C\000R\000\040\000:\000\040\000r\000a\000t\000i\000o\000\040\000d\000e\000\040\000l\000i\000q\000u\000i\000d\000i\000t\000\351\000\040\000\340\000\040\000c\000o\000u\000r\000t\000\040\000t\000e\000r\000m\000e}{section.8.3}% 186
\BOOKMARK [2][-]{subsection.8.3.3}{\376\377\000N\000S\000F\000R\000\040\000:\000\040\000f\000i\000n\000a\000n\000c\000e\000m\000e\000n\000t\000\040\000s\000t\000a\000b\000l\000e}{section.8.3}% 187
\BOOKMARK [2][-]{subsection.8.3.4}{\376\377\000I\000R\000R\000B\000B\000\040\000:\000\040\000r\000i\000s\000q\000u\000e\000\040\000d\000e\000\040\000t\000a\000u\000x}{section.8.3}% 188
\BOOKMARK [1][-]{section.8.4}{\376\377\000Z\000\351\000r\000o\000\040\000p\000a\000r\000a\000m\000\350\000t\000r\000e\000\040\000a\000r\000b\000i\000t\000r\000a\000i\000r\000e}{chapter.8}% 189
\BOOKMARK [1][-]{section.8.5}{\376\377\000S\000c\000o\000r\000e\000\040\000d\000e\000\040\000q\000u\000a\000l\000i\000t\000\351\000\040\000d\000'\000a\000l\000l\000o\000c\000a\000t\000i\000o\000n\000\040\000\050\000A\000Q\000S\000\051}{chapter.8}% 190
\BOOKMARK [1][-]{section.8.6}{\376\377\000A\000n\000a\000l\000y\000s\000e\000\040\000d\000e\000\040\000s\000e\000n\000s\000i\000b\000i\000l\000i\000t\000\351\000\040\000p\000a\000r\000a\000m\000\351\000t\000r\000i\000q\000u\000e}{chapter.8}% 191
\BOOKMARK [2][-]{subsection.8.6.1}{\376\377\000C\000r\000i\000b\000l\000a\000g\000e\000\040\000d\000e\000\040\000M\000o\000r\000r\000i\000s}{section.8.6}% 192
\BOOKMARK [2][-]{subsection.8.6.2}{\376\377\000I\000n\000d\000i\000c\000e\000s\000\040\000d\000e\000\040\000S\000o\000b\000o\000l}{section.8.6}% 193
\BOOKMARK [0][-]{chapter.9}{\376\377\000C\000o\000n\000v\000e\000n\000t\000i\000o\000n\000\040\000d\000e\000\040\000s\000i\000g\000n\000e\000\040\000d\000u\000\040\000Z\000-\000s\000c\000o\000r\000e\000\040\000:\000\040\000l\000a\000\040\000d\000\351\000c\000o\000u\000v\000e\000r\000t\000e}{part.2}% 194
\BOOKMARK [1][-]{section.9.1}{\376\377\000O\000r\000i\000g\000i\000n\000e\000\040\000d\000u\000\040\000p\000r\000o\000b\000l\000\350\000m\000e}{chapter.9}% 195
\BOOKMARK [2][-]{subsection.9.1.1}{\376\377\000E\000s\000p\000a\000c\000e\000\040\000d\000e\000s\000\040\000c\000o\000n\000v\000e\000n\000t\000i\000o\000n\000s}{section.9.1}% 196
\BOOKMARK [1][-]{section.9.2}{\376\377\000P\000r\000o\000t\000o\000c\000o\000l\000e\000\040\000e\000x\000p\000\351\000r\000i\000m\000e\000n\000t\000a\000l}{chapter.9}% 197
\BOOKMARK [2][-]{subsection.9.2.1}{\376\377\000C\000r\000i\000t\000\350\000r\000e\000s\000\040\000d\000'\000\351\000v\000a\000l\000u\000a\000t\000i\000o\000n}{section.9.2}% 198
\BOOKMARK [1][-]{section.9.3}{\376\377\000R\000\351\000s\000u\000l\000t\000a\000t\000s\000\040\000:\000\040\000\351\000l\000i\000m\000i\000n\000a\000t\000i\000o\000n\000\040\000e\000n\000\040\0003\000\040\000\351\000t\000a\000p\000e\000s}{chapter.9}% 199
\BOOKMARK [2][-]{subsection.9.3.1}{\376\377\000\311\000t\000a\000p\000e\000\040\0001\000\040\000:\000\040\000\351\000l\000i\000m\000i\000n\000a\000t\000i\000o\000n\000\040\000p\000a\000r\000\040\000H\000P\000I\000\040\000a\000d\000v\000e\000r\000s\000e\000\040\000\050\0004\000\040\000c\000o\000n\000v\000e\000n\000t\000i\000o\000n\000s\000\051}{section.9.3}% 200
\BOOKMARK [2][-]{subsection.9.3.2}{\376\377\000\311\000t\000a\000p\000e\000\040\0002\000\040\000:\000\040\000\351\000l\000i\000m\000i\000n\000a\000t\000i\000o\000n\000\040\000p\000a\000r\000\040\000i\000n\000c\000o\000h\000\351\000r\000e\000n\000c\000e\000\040\000a\000d\000v\000e\000r\000s\000e\000\040\000\050\0002\000\040\000c\000o\000n\000v\000e\000n\000t\000i\000o\000n\000s\000\051}{section.9.3}% 201
\BOOKMARK [2][-]{subsection.9.3.3}{\376\377\000\311\000t\000a\000p\000e\000\040\0003\000\040\000:\000\040\000d\000e\000u\000x\000\040\000s\000u\000r\000v\000i\000v\000a\000n\000t\000e\000s\000,\000\040\000m\000i\000r\000o\000i\000r\000\040\000d\000e\000\040\000T\000a\000y\000l\000o\000r}{section.9.3}% 202
\BOOKMARK [2][-]{subsection.9.3.4}{\376\377\000L\000e\000\040\000m\000i\000r\000o\000i\000r\000\040\000d\000e\000\040\000T\000a\000y\000l\000o\000r}{section.9.3}% 203
\BOOKMARK [2][-]{subsection.9.3.5}{\376\377\000I\000n\000t\000e\000r\000a\000c\000t\000i\000o\000n\000\040\000I\000R\000\040\000\040\000I\000n\000f\000l\000a\000t\000i\000o\000n\000\040\000:\000\040\000e\000x\000a\000c\000t\000e\000m\000e\000n\000t\000\040\000n\000u\000l\000l\000e}{section.9.3}% 204
\BOOKMARK [1][-]{section.9.4}{\376\377\000S\000w\000i\000n\000g\000\040\000m\000a\000x\000i\000m\000a\000l\000\040\000e\000t\000\040\000s\000e\000n\000s\000i\000b\000i\000l\000i\000t\000\351}{chapter.9}% 205
\BOOKMARK [1][-]{section.9.5}{\376\377\000E\000f\000f\000e\000t\000\040\000m\000a\000r\000g\000i\000n\000a\000l\000\040\000p\000a\000r\000\040\000v\000a\000r\000i\000a\000b\000l\000e}{chapter.9}% 206
\BOOKMARK [1][-]{section.9.6}{\376\377\000D\000\351\000c\000i\000s\000i\000o\000n\000\040\000e\000t\000\040\000j\000u\000s\000t\000i\000f\000i\000c\000a\000t\000i\000o\000n}{chapter.9}% 207
\BOOKMARK [1][-]{section.9.7}{\376\377\000I\000m\000p\000l\000i\000c\000a\000t\000i\000o\000n\000s\000\040\000p\000o\000u\000r\000\040\000l\000a\000\040\000p\000r\000a\000t\000i\000q\000u\000e\000\040\000b\000a\000n\000c\000a\000i\000r\000e}{chapter.9}% 208
\BOOKMARK [0][-]{chapter.10}{\376\377\000A\000r\000c\000h\000i\000t\000e\000c\000t\000u\000r\000e\000\040\000l\000o\000g\000i\000c\000i\000e\000l\000l\000e\000\040\000e\000t\000\040\000r\000e\000p\000r\000o\000d\000u\000c\000t\000i\000b\000i\000l\000i\000t\000\351}{part.2}% 209
\BOOKMARK [1][-]{section.10.1}{\376\377\000V\000u\000e\000\040\000d\000'\000e\000n\000s\000e\000m\000b\000l\000e}{chapter.10}% 210
\BOOKMARK [1][-]{section.10.2}{\376\377\000C\000o\000n\000f\000i\000g\000u\000r\000a\000t\000i\000o\000n\000\040\000d\000\351\000c\000l\000a\000r\000a\000t\000i\000v\000e}{chapter.10}% 211
\BOOKMARK [1][-]{section.10.3}{\376\377\000G\000\351\000n\000\351\000r\000a\000t\000e\000u\000r\000s\000\040\000s\000y\000n\000t\000h\000\351\000t\000i\000q\000u\000e\000s}{chapter.10}% 212
\BOOKMARK [1][-]{section.10.4}{\376\377\000M\000o\000t\000e\000u\000r\000\040\000d\000e\000\040\000c\000o\000m\000p\000a\000r\000a\000i\000s\000o\000n\000\040\000m\000u\000l\000t\000i\000-\000a\000c\000t\000i\000f\000s}{chapter.10}% 213
\BOOKMARK [1][-]{section.10.5}{\376\377\000D\000a\000s\000h\000b\000o\000a\000r\000d\000\040\000C\000R\000O}{chapter.10}% 214
\BOOKMARK [1][-]{section.10.6}{\376\377\000T\000e\000s\000t\000s\000\040\000e\000t\000\040\000v\000a\000l\000i\000d\000a\000t\000i\000o\000n}{chapter.10}% 215
\BOOKMARK [1][-]{section.10.7}{\376\377\000M\000i\000g\000r\000a\000t\000i\000o\000n\000\040\000P\000o\000l\000a\000r\000s}{chapter.10}% 216
\BOOKMARK [1][-]{section.10.8}{\376\377\000R\000e\000p\000r\000o\000d\000u\000c\000t\000i\000b\000i\000l\000i\000t\000\351}{chapter.10}% 217
\BOOKMARK [0][-]{chapter*.46}{\376\377\000C\000o\000n\000c\000l\000u\000s\000i\000o\000n}{part.2}% 218
